// Jest Snapshot v1, https://goo.gl/fbAQLP

exports[`UserList should match snapshot 1`] = `
<div>
  <div
    class="MuiBox-root MuiBox-root-7 makeStyles-root-1"
  >
    <div
      class="MuiBox-root MuiBox-root-8 makeStyles-userlist__container-2"
    >
      <div
        class="MuiBox-root MuiBox-root-9 makeStyles-searchbox-4"
      >
        <h5
          class="MuiTypography-root makeStyles-searchbox__title-5 MuiTypography-h5"
        >
          User List
        </h5>
        <div
          class="MuiBox-root MuiBox-root-45 makeStyles-root-40"
        >
          <div
            class="MuiFormControl-root MuiTextField-root makeStyles-input-41 makeStyles-input-44"
          >
            <div
              class="MuiInputBase-root MuiOutlinedInput-root MuiInputBase-formControl"
            >
              <input
                aria-invalid="false"
                class="MuiInputBase-input MuiOutlinedInput-input"
                placeholder="search..."
                type="text"
                value=""
              />
              <fieldset
                aria-hidden="true"
                class="PrivateNotchedOutline-root-84 MuiOutlinedInput-notchedOutline"
                style="padding-left: 8px;"
              >
                <legend
                  class="PrivateNotchedOutline-legend-85"
                  style="width: 0.01px;"
                >
                  <span>
                    ​
                  </span>
                </legend>
              </fieldset>
            </div>
          </div>
          <button
            class="MuiButtonBase-root MuiButton-root MuiButton-contained makeStyles-button-42 MuiButton-containedSizeLarge MuiButton-sizeLarge"
            tabindex="0"
            type="button"
          >
            <span
              class="MuiButton-label"
            >
              <svg
                aria-hidden="true"
                class="MuiSvgIcon-root makeStyles-icon-43"
                data-testid="search-icon"
                focusable="false"
                viewBox="0 0 24 24"
              >
                <path
                  d="M15.5 14h-.79l-.28-.27C15.41 12.59 16 11.11 16 9.5 16 5.91 13.09 3 9.5 3S3 5.91 3 9.5 5.91 16 9.5 16c1.61 0 3.09-.59 4.23-1.57l.27.28v.79l5 4.99L20.49 19l-4.99-5zm-6 0C7.01 14 5 11.99 5 9.5S7.01 5 9.5 5 14 7.01 14 9.5 11.99 14 9.5 14z"
                />
              </svg>
            </span>
            <span
              class="MuiTouchRipple-root"
            />
          </button>
        </div>
      </div>
      <div
        class="MuiBox-root MuiBox-root-129 makeStyles-userlist__table-3"
      >
        <div
          class="MuiBox-root MuiBox-root-144 makeStyles-root-141"
          data-testid="infinitetable"
        >
          <div
            class="MuiGrid-root makeStyles-container__header-142 MuiGrid-container"
          >
            <div
              class="MuiGrid-root MuiGrid-item MuiGrid-grid-xs-5"
            >
              <p
                class="MuiTypography-root makeStyles-item__header-143 MuiTypography-body2"
                data-testid="tableheader-email"
              >
                EMAIL
              </p>
            </div>
            <div
              class="MuiGrid-root MuiGrid-item MuiGrid-grid-xs-7"
            >
              <p
                class="MuiTypography-root makeStyles-item__header-143 MuiTypography-body2"
                data-testid="tableheader-name"
              >
                NAME
              </p>
            </div>
          </div>
          <div
            class="MuiBox-root MuiBox-root-248 makeStyles-root-141"
          >
            <div
              style="overflow: visible; height: 0px; width: 0px;"
            />
            <div
              class="resize-triggers"
            >
              <div
                class="expand-trigger"
              >
                <div
                  style="width: 1px; height: 1px;"
                />
              </div>
              <div
                class="contract-trigger"
              />
            </div>
          </div>
        </div>
      </div>
    </div>
  </div>
</div>
`;
