// Jest Snapshot v1, https://goo.gl/fbAQLP

exports[`<SignUp /> should match snapshot 1`] = `
<div>
  <div
    class="MuiBox-root MuiBox-root-3 makeStyles-root-1"
  >
    <div
      class="MuiBox-root MuiBox-root-10 makeStyles-root-4"
    >
      <h5
        class="MuiTypography-root makeStyles-formtitle-5 MuiTypography-h5"
        data-testid="formeditor-title"
      >
        Sign up
      </h5>
      <div
        class="makeStyles-formcontent-7"
      >
        <div
          class="MuiFormControl-root MuiTextField-root makeStyles-forminput-6"
          data-testid="formeditor-email-input"
        >
          <label
            class="MuiFormLabel-root MuiInputLabel-root MuiInputLabel-formControl MuiInputLabel-animated MuiInputLabel-outlined"
            data-shrink="false"
          >
            EMAIL
          </label>
          <div
            class="MuiInputBase-root MuiOutlinedInput-root MuiInputBase-formControl"
          >
            <input
              aria-invalid="false"
              autocomplete="true"
              class="MuiInputBase-input MuiOutlinedInput-input"
              placeholder="Email"
              type="email"
              value=""
            />
            <fieldset
              aria-hidden="true"
              class="PrivateNotchedOutline-root-99 MuiOutlinedInput-notchedOutline"
            >
              <legend
                class="PrivateNotchedOutline-legendLabelled-101"
              >
                <span>
                  EMAIL
                </span>
              </legend>
            </fieldset>
          </div>
        </div>
        <div
          class="MuiFormControl-root MuiTextField-root makeStyles-forminput-6"
          data-testid="formeditor-name-input"
        >
          <label
            class="MuiFormLabel-root MuiInputLabel-root MuiInputLabel-formControl MuiInputLabel-animated MuiInputLabel-outlined"
            data-shrink="false"
          >
            NAME
          </label>
          <div
            class="MuiInputBase-root MuiOutlinedInput-root MuiInputBase-formControl"
          >
            <input
              aria-invalid="false"
              autocomplete="true"
              class="MuiInputBase-input MuiOutlinedInput-input"
              placeholder="Name"
              type="text"
              value=""
            />
            <fieldset
              aria-hidden="true"
              class="PrivateNotchedOutline-root-99 MuiOutlinedInput-notchedOutline"
            >
              <legend
                class="PrivateNotchedOutline-legendLabelled-101"
              >
                <span>
                  NAME
                </span>
              </legend>
            </fieldset>
          </div>
        </div>
        <div
          class="MuiFormControl-root MuiTextField-root makeStyles-forminput-6"
          data-testid="formeditor-password-input"
        >
          <label
            class="MuiFormLabel-root MuiInputLabel-root MuiInputLabel-formControl MuiInputLabel-animated MuiInputLabel-outlined"
            data-shrink="false"
          >
            PASSWORD
          </label>
          <div
            class="MuiInputBase-root MuiOutlinedInput-root MuiInputBase-formControl"
          >
            <input
              aria-invalid="false"
              autocomplete="true"
              class="MuiInputBase-input MuiOutlinedInput-input"
              placeholder="Password"
              type="password"
              value=""
            />
            <fieldset
              aria-hidden="true"
              class="PrivateNotchedOutline-root-99 MuiOutlinedInput-notchedOutline"
            >
              <legend
                class="PrivateNotchedOutline-legendLabelled-101"
              >
                <span>
                  PASSWORD
                </span>
              </legend>
            </fieldset>
          </div>
        </div>
        <div
          class="MuiFormControl-root MuiTextField-root makeStyles-forminput-6"
          data-testid="formeditor-password-confirm-input"
        >
          <label
            class="MuiFormLabel-root MuiInputLabel-root MuiInputLabel-formControl MuiInputLabel-animated MuiInputLabel-outlined"
            data-shrink="false"
          >
            PASSWORD CONFIRM
          </label>
          <div
            class="MuiInputBase-root MuiOutlinedInput-root MuiInputBase-formControl"
          >
            <input
              aria-invalid="false"
              autocomplete="true"
              class="MuiInputBase-input MuiOutlinedInput-input"
              placeholder="Password Confirm"
              type="password"
              value=""
            />
            <fieldset
              aria-hidden="true"
              class="PrivateNotchedOutline-root-99 MuiOutlinedInput-notchedOutline"
            >
              <legend
                class="PrivateNotchedOutline-legendLabelled-101"
              >
                <span>
                  PASSWORD CONFIRM
                </span>
              </legend>
            </fieldset>
          </div>
        </div>
      </div>
      <div
        class="makeStyles-formbuttons-8"
      >
        <button
          class="MuiButtonBase-root MuiButton-root MuiButton-contained makeStyles-formbutton-9 MuiButton-containedPrimary MuiButton-containedSizeLarge MuiButton-sizeLarge MuiButton-fullWidth"
          data-testid="formeditor-submit-button"
          tabindex="0"
          type="button"
        >
          <span
            class="MuiButton-label"
          >
            Register
          </span>
          <span
            class="MuiTouchRipple-root"
          />
        </button>
        <button
          class="MuiButtonBase-root MuiButton-root MuiButton-contained makeStyles-formbutton-9 MuiButton-containedSizeLarge MuiButton-sizeLarge MuiButton-fullWidth"
          data-testid="formeditor-cancel-button"
          tabindex="0"
          type="button"
        >
          <span
            class="MuiButton-label"
          >
            Cancel
          </span>
          <span
            class="MuiTouchRipple-root"
          />
        </button>
      </div>
    </div>
  </div>
</div>
`;
